

////////////////////////////////////////////////////////////////////////
\RefStart
////////////////////////////////////////////////////////////////////////


Clark,~W.~L., G.~A.~Wick, E.~I.~Tollerud, T.~L.~Jensen, 
J.~H.~Gotway, E.~Sukovich and H.~Yuan, 2012:  

{\italicfont
Assessing and Comparing Real-Time Northeast Pacific 
Atmospheric River IWV and IVT Intensities Provided by 
Model (GFS) and Satellite (SSM/I, SSMIS) Using DTC's 
MET/MODE Object Attributes.}

do_ordinal(21) Conference on Probability and Statistics in the 
Atmospheric Sciences, 22--27 January, New Orleans LA, 
American Meteorological Society (Boston).


////////////////////////////////////////////////////////////////////////



