

////////////////////////////////////////////////////////////////////////
\RefStart
////////////////////////////////////////////////////////////////////////


Mittermaier,~M. and R.~Bullock, 2013: 

{\italicfont
Using MODE to explore the spatial and temporal 
characteristics of cloud cover forecasts from 
high-resolution NWP models.}

Meteorol.\ Appl., {\boldfont 20}, 187--196.


////////////////////////////////////////////////////////////////////////



