

////////////////////////////////////////////////////////////////////////
\RefStart
////////////////////////////////////////////////////////////////////////


Jensen,~T.~L., T.~L.~Fowler, I.~Jankov, J.~H.~Gotway, 
R.~Bullock, E.~Tollerud, and B.~G.~Brown, 2015: 

{\italicfont
Understanding SREF Ensemble Behavior Using the Method for 
Object-Based Diagnostic Evaluation (MODE).}

do_ordinal(22) Conference on Probability and Statistics in the 
Atmospheric Sciences, 6--10 January, Phoenix AZ.
American Meteorological Society (Boston).


////////////////////////////////////////////////////////////////////////



