

////////////////////////////////////////////////////////////////////////
\RefStart
////////////////////////////////////////////////////////////////////////


Jensen,~T.~L., E.~I.~Tollerud, B.~G.~Brown, J.~H.~Gotway, 
T.~L.~Fowler, R.~Bullock, P.~Oldenburg, and I.~Jankov, 2012: 

{\italicfont
Evaluation of Ensemble-Based Precipitation Forecasts from an 
Object-Oriented Perspective.}

do_ordinal(21) Conference on Probability and Statistics in the 
Atmospheric Sciences. 22--27 January, New Orleans LA.
American Meteorological Society (Boston).


////////////////////////////////////////////////////////////////////////



