

////////////////////////////////////////////////////////////////////////
\RefStart
////////////////////////////////////////////////////////////////////////


Jensen,~T.~L., M.~Harrold, B.~G.~Brown, S.~J.~Weiss, 
P.~T.~Marsh, M.~Xue, F.~Kong, A.~J.~Clark, K.~W.~Thomas, 
J.~S.~Kain, R.~S.~Schneider, D.~R.~Novak, F.~E.~Barthold, 
J.~J.~Levit and M.~C.~Coniglio, 2010: 

{\italicfont
An Overview of the Objective Evaluation Performed During 
the Hazardous Weather Testbed (HWT) 2010 Spring Experiment.}

do_ordinal(25) Conference on Severe Local Storms, 
11--14 October, Denver CO.
 American Meteorological Society (Boston).


////////////////////////////////////////////////////////////////////////



