

////////////////////////////////////////////////////////////////////////
\RefStart
////////////////////////////////////////////////////////////////////////


Clark,~A.~J., J.~S.~Kain, T.~L.~Jensen, R.~Bullock, M.~Xue
and F.~Kong, 2012:
{\italicfont
Diagnosing sensitivities to microphysics parameterizations 
in convection-allowing models using object-based 
time-domain diagnostics.}

do_ordinal(26) Conference on Severe Local Storms. 05--08 
November, Nashville TN, 
American Meteorological Society (Boston).

// \Comment{Need the year, here.}


////////////////////////////////////////////////////////////////////////


