

////////////////////////////////////////////////////////////////////////
\RefStart
////////////////////////////////////////////////////////////////////////


Ebert, E.~E., and J.~L.~McBride, 2000: 

{\italicfont Verification of precipitation in weather systems: 
Determination of systematic errors.}

Journal of Hydrology, {\boldfont 239}, 179--202.


////////////////////////////////////////////////////////////////////////
