

////////////////////////////////////////////////////////////////////////
\RefStart
////////////////////////////////////////////////////////////////////////


O'Neill, Barett:

\hskip 0.1in

{\italicfont Elementary Differential Geometry}
\hskip 0.1in
1st ed{.}



////////////////////////////////////////////////////////////////////////


