
////////////////////////////////////////////////////////////////////////
\RefStart
////////////////////////////////////////////////////////////////////////


Papadimitriou, Christos~H., and Steiglitz, Kenneth:  
\hskip 0.1in {\italicfont Combinatorial Optimization.}
Dover Publications, 1998.  ISBN 0-486-40258-4


////////////////////////////////////////////////////////////////////////



