

////////////////////////////////////////////////////////////////////////
\RefStart
////////////////////////////////////////////////////////////////////////


Fowler, Tressa L., and Randy Bullock, 2010:

{\italicfont Examination of Spatial Wind Features Associated with 
Ramping Events using MODE}

\hskip 0.1in


First Conference on Weather, Climate, and the New Energy Economy.
American Meteorological Society, Atlanta, January 16--20, 2010.


////////////////////////////////////////////////////////////////////////


