
////////////////////////////////////////////////////////////////////////
\RefStart
////////////////////////////////////////////////////////////////////////


Roberts, N.~M., and H.~W.~Lean, 2008: 

{\italicfont Scale-selective verification of rainfall 
accumulations from high-resolution forecasts of 
convective events.}

Monthly Weather Review, {\boldfont 136}, 78--97.


////////////////////////////////////////////////////////////////////////
