
////////////////////////////////////////////////////////////////////////
\RefStart
////////////////////////////////////////////////////////////////////////


Casati, B., G.~Ross, and D.~B.~Stephenson, 2004: 

{\italicfont A new intensity-scale approach for the 
verification of spatial precipitation forecasts.}

Meteorolgical Applications, {\boldfont 11}, 141--154.


////////////////////////////////////////////////////////////////////////
