

////////////////////////////////////////////////////////////////////////
\RefStart
////////////////////////////////////////////////////////////////////////


Folland, Gerald:
\hskip 0.1in


{\italicfont Real Analysis: Modern Techniques and their Application}


////////////////////////////////////////////////////////////////////////


