
////////////////////////////////////////////////////////////////////////
\RefStart
////////////////////////////////////////////////////////////////////////


Williamson, S.~Gill:  \hskip 0.1in {\italicfont Combinatorics for Computer Science.}
Dover Publications, 2002.  ISBN 0-486-42076-0


////////////////////////////////////////////////////////////////////////



