

////////////////////////////////////////////////////////////////////////
\RefStart
////////////////////////////////////////////////////////////////////////


Clark,~A.~J., C.~Karstens, R.~Bullock, and T.~L.~Jensen, 2015: 

{\italicfont 
Applying MODE time-domain for diagnosis and visualization of 
simulated supercells.}

Fourth Conference on Transition of Research to Operations, 
6--10 January, Phoenix AZ, 
American Meteorological Society (Boston).


////////////////////////////////////////////////////////////////////////


