

////////////////////////////////////////////////////////////////////////
\RefStart
////////////////////////////////////////////////////////////////////////


Clark,~W~.L., H.~Yuan, T.~L.~Jensen, G.~Wick, E.~I.~Tollerud, 
R.~G.~Bullock and E.~Sukovich, 2011: 

{\italicfont
Evaluation of GFS water vapor forecast errors during the 
2009--2010 West Coast cool season using the MET/MODE object 
analyses package.}

do_ordinal(25) Conference on Hydrology. January 22--27, 
Seattle, WA.
American Meteorological Society (Boston).


////////////////////////////////////////////////////////////////////////



