

////////////////////////////////////////////////////////////////////////
\RefStart
////////////////////////////////////////////////////////////////////////


Davis,~C.~A., B.~G.~Brown and R.~G.~Bullock, 2006a: 

{\italicfont 
Object-based verification of precipitation forecasts, Part I: 
Methodology and application to mesoscale rain areas.}

Monthly Weather Review, {\boldfont 134}, 1772--1784.


////////////////////////////////////////////////////////////////////////



