

////////////////////////////////////////////////////////////////////////
\RefStart
////////////////////////////////////////////////////////////////////////


Davis,~C.~A., B.~G.~Brown, and R.~G.~Bullock, 2006b: 

{\italicfont
Object-based verification of precipitation forecasts, Part II: 
Application to convective rain systems.}

Monthly Weather Review, {\boldfont 134}, 1785--1795.


////////////////////////////////////////////////////////////////////////



