

////////////////////////////////////////////////////////////////////////
\RefStart
////////////////////////////////////////////////////////////////////////


Gilleland,~E., D.~A.~Ahijevych, B.~G.~Brown, and E.~E.~Ebert, 2010: 

{\italicfont 
Verifying Forecasts Spatially.}

Bull.\ Amer.\ Meteor.\ Soc., {\boldfont 91}, 1365--1373.  

DOI: {\co \hyperlink{dx.doi.org/10.1175/2010BAMS2819.1}}


////////////////////////////////////////////////////////////////////////



