

////////////////////////////////////////////////////////////////////////
\RefStart
////////////////////////////////////////////////////////////////////////


Gilleland,~E., D.~A.~Ahijevych, B.~G.~Brown, B.~Casati
and E.~E.~Ebert, 2009: 

{\italicfont 
Intercomparison of Spatial Forecast Verification Methods.}

Weather and Forecasting, {\boldfont 24}.
\hfil\break
DOI:\ {\co \hyperlink{dx.doi.org/10.1175/2009WAF2222269.1}}


////////////////////////////////////////////////////////////////////////


