

////////////////////////////////////////////////////////////////////////
\RefStart
////////////////////////////////////////////////////////////////////////


Jensen, T.L., B. Brown, M. Coniglio, J. S. Kain, S. J. Weiss
and L. Nance, 2010: 

{\italicfont
Evaluation of Experimental Forecasts from the 2009 NOAA 
Hazardous Weather Testbed Spring Experiment Using Both 
Traditional and Spatial Methods.}

do_ordinal(20) Conference on Probability and Statistics in the 
Atmospheric Sciences. 16--21 January, Atlanta GA. 
American Meteorological Society (Boston).


////////////////////////////////////////////////////////////////////////


